Date       Amount    Balance
01.12.2015 +800      800
02.12.2015 -600      200
