Date       Amount    Balance
24.12.2015 +500      500
