Date       Amount    Balance
01.12.2015 +600      600
02.12.2015 +600      1200
03.12.2015 +800      2000
