Date       Amount    Balance
01.12.2015 -600      -600
