Date       Amount    Balance
26.12.2015 +600      600
