Date       Amount    Balance
25.12.2015 +500      500
